<!DOCTYPE html>
<html>
  <body>
    <p>Hello, world!</p>
    <p>External var: Just testing...</p>
    <p>Another external var: And more testing.</p>
  </body>

</html>
