<!DOCTYPE html>
<html>
  <body>
    <p>After template: Hello, world!</p>
  </body>

</html>
